
> v848-visual-novel@1.0.0 test
> vitest GrabHandleRepositioner --run


[7m[1m[36m RUN [39m[22m[27m [36mv1.6.1[39m [90mC:/Users/silve/Downloads/GitHub/VN-Project[39m

 [33m❯[39m src/controllers/GrabHandleRepositioner.test.ts [2m ([22m[2m30 tests[22m [2m|[22m [31m3 failed[39m[2m)[22m[90m 88[2mms[22m[39m
[31m   [33m❯[31m src/controllers/GrabHandleRepositioner.test.ts[2m > [22mGrabHandleRepositioner[2m > [22mSide Flipping[2m > [22mshould update handle styling when on right side[39m
[31m     → expected '10px 0 0 10px' to be '10px 0px 0px 10px' // Object.is equality[39m
[31m   [33m❯[31m src/controllers/GrabHandleRepositioner.test.ts[2m > [22mGrabHandleRepositioner[2m > [22mSide Flipping[2m > [22mshould update handle styling when on left side[39m
[31m     → expected '0 10px 10px 0' to be '0px 10px 10px 0px' // Object.is equality[39m
[31m   [33m❯[31m src/controllers/GrabHandleRepositioner.test.ts[2m > [22mGrabHandleRepositioner[2m > [22mHaptic Feedback[2m > [22mshould handle missing vibration API gracefully[39m
[31m     → Cannot redefine property: vibrate[39m
[90mstdout[2m | src/controllers/GrabHandleRepositioner.test.ts[2m > [22m[2mGrabHandleRepositioner[2m > [22m[2mInitialization[2m > [22m[2mshould initialize with default position[22m[39m
💾 Saved grab handle position
👀 Watching sidebar state changes
✅ GrabHandleRepositioner initialized (TRIPLE-THREAT MODE)

[90mstdout[2m | src/controllers/GrabHandleRepositioner.test.ts[2m > [22m[2mGrabHandleRepositioner[2m > [22m[2mInitialization[2m > [22m[2mshould load saved position from localStorage[22m[39m
💾 Saved grab handle position
👀 Watching sidebar state changes
✅ GrabHandleRepositioner initialized (TRIPLE-THREAT MODE)
💾 Saved grab handle position
💾 Loaded grab handle: right side, 75%
👀 Watching sidebar state changes
✅ GrabHandleRepositioner initialized (TRIPLE-THREAT MODE)

[90mstdout[2m | src/controllers/GrabHandleRepositioner.test.ts[2m > [22m[2mGrabHandleRepositioner[2m > [22m[2mInitialization[2m > [22m[2mshould handle invalid localStorage data gracefully[22m[39m
💾 Saved grab handle position
👀 Watching sidebar state changes
✅ GrabHandleRepositioner initialized (TRIPLE-THREAT MODE)
💾 Saved grab handle position
👀 Watching sidebar state changes
✅ GrabHandleRepositioner initialized (TRIPLE-THREAT MODE)

[90mstderr[2m | src/controllers/GrabHandleRepositioner.test.ts[2m > [22m[2mGrabHandleRepositioner[2m > [22m[2mInitialization[2m > [22m[2mshould handle invalid localStorage data gracefully[22m[39m
Failed to load grab handle position: SyntaxError: Unexpected token 'i', "invalid json" is not valid JSON
    at JSON.parse (<anonymous>)
    at GrabHandleRepositioner.loadPosition [90m(C:\Users\silve\Downloads\GitHub\VN-Project\[39msrc\controllers\GrabHandleRepositioner.ts:549:54[90m)[39m
    at new GrabHandleRepositioner [90m(C:\Users\silve\Downloads\GitHub\VN-Project\[39msrc\controllers\GrabHandleRepositioner.ts:100:14[90m)[39m
    at [90mC:\Users\silve\Downloads\GitHub\VN-Project\[39msrc\controllers\GrabHandleRepositioner.test.ts:82:26
    at Proxy.assertThrows [90m(C:\Users\silve\Downloads\GitHub\VN-Project\[39mnode_modules\[4mchai[24m\lib\chai\core\assertions.js:2644:7[90m)[39m
    at Proxy.methodWrapper [90m(C:\Users\silve\Downloads\GitHub\VN-Project\[39mnode_modules\[4mchai[24m\lib\chai\utils\addMethod.js:57:25[90m)[39m
    at Proxy.<anonymous> [90m(file:///C:/Users/silve/Downloads/GitHub/VN-Project/[39mnode_modules/[4m@vitest[24m/expect/dist/index.js:850:16[90m)[39m
    at Proxy.overwritingMethodWrapper [90m(C:\Users\silve\Downloads\GitHub\VN-Project\[39mnode_modules\[4mchai[24m\lib\chai\utils\overwriteMethod.js:78:33[90m)[39m
    at Proxy.<anonymous> [90m(file:///C:/Users/silve/Downloads/GitHub/VN-Project/[39mnode_modules/[4m@vitest[24m/expect/dist/index.js:1324:19[90m)[39m
    at Proxy.<anonymous> [90m(file:///C:/Users/silve/Downloads/GitHub/VN-Project/[39mnode_modules/[4m@vitest[24m/expect/dist/index.js:800:17[90m)[39m

[90mstdout[2m | src/controllers/GrabHandleRepositioner.test.ts[2m > [22m[2mGrabHandleRepositioner[2m > [22m[2mInitialization[2m > [22m[2mshould handle missing grab handle element[22m[39m
💾 Saved grab handle position
👀 Watching sidebar state changes
✅ GrabHandleRepositioner initialized (TRIPLE-THREAT MODE)

[90mstderr[2m | src/controllers/GrabHandleRepositioner.test.ts[2m > [22m[2mGrabHandleRepositioner[2m > [22m[2mInitialization[2m > [22m[2mshould handle missing grab handle element[22m[39m
Grab handle not found, repositioner disabled

[90mstdout[2m | src/controllers/GrabHandleRepositioner.test.ts[2m > [22m[2mGrabHandleRepositioner[2m > [22m[2mPosition Constraints[2m > [22m[2mshould enforce minimum position (stay below status bar)[22m[39m
💾 Saved grab handle position
👀 Watching sidebar state changes
✅ GrabHandleRepositioner initialized (TRIPLE-THREAT MODE)
🖱️ Tap detected: timeSince=1768665855093ms, lastTapTime=0, threshold=300ms
⏱️ First tap or too slow - waiting for potential second tap
🔒 Constraints enforced: 11.3% - 85.0%, final: 50.0%
💾 Saved grab handle position
📍 Grab handle: left side, 50% from top

[90mstdout[2m | src/controllers/GrabHandleRepositioner.test.ts[2m > [22m[2mGrabHandleRepositioner[2m > [22m[2mPosition Constraints[2m > [22m[2mshould enforce maximum position (stay above backlog button)[22m[39m
💾 Saved grab handle position
👀 Watching sidebar state changes
✅ GrabHandleRepositioner initialized (TRIPLE-THREAT MODE)
🖱️ Tap detected: timeSince=1768665855098ms, lastTapTime=0, threshold=300ms
⏱️ First tap or too slow - waiting for potential second tap
🔒 Constraints enforced: 11.3% - 85.0%, final: 50.0%
💾 Saved grab handle position
📍 Grab handle: left side, 50% from top

[90mstdout[2m | src/controllers/GrabHandleRepositioner.test.ts[2m > [22m[2mGrabHandleRepositioner[2m > [22m[2mSide Flipping[2m > [22m[2mshould flip from left to right[22m[39m
💾 Saved grab handle position
👀 Watching sidebar state changes
✅ GrabHandleRepositioner initialized (TRIPLE-THREAT MODE)
💾 Saved grab handle position
🔄 Flipped to right side

[90mstdout[2m | src/controllers/GrabHandleRepositioner.test.ts[2m > [22m[2mGrabHandleRepositioner[2m > [22m[2mSide Flipping[2m > [22m[2mshould flip from right to left[22m[39m
💾 Saved grab handle position
👀 Watching sidebar state changes
✅ GrabHandleRepositioner initialized (TRIPLE-THREAT MODE)
💾 Saved grab handle position
💾 Saved grab handle position
🔄 Flipped to left side

[90mstdout[2m | src/controllers/GrabHandleRepositioner.test.ts[2m > [22m[2mGrabHandleRepositioner[2m > [22m[2mSide Flipping[2m > [22m[2mshould update handle styling when on right side[22m[39m
💾 Saved grab handle position
👀 Watching sidebar state changes
✅ GrabHandleRepositioner initialized (TRIPLE-THREAT MODE)
💾 Saved grab handle position

[90mstdout[2m | src/controllers/GrabHandleRepositioner.test.ts[2m > [22m[2mGrabHandleRepositioner[2m > [22m[2mSide Flipping[2m > [22m[2mshould update handle styling when on left side[22m[39m
💾 Saved grab handle position
👀 Watching sidebar state changes
✅ GrabHandleRepositioner initialized (TRIPLE-THREAT MODE)
💾 Saved grab handle position

[90mstdout[2m | src/controllers/GrabHandleRepositioner.test.ts[2m > [22m[2mGrabHandleRepositioner[2m > [22m[2mSide Flipping[2m > [22m[2mshould add right-side class to sidebar when on right[22m[39m
💾 Saved grab handle position
👀 Watching sidebar state changes
✅ GrabHandleRepositioner initialized (TRIPLE-THREAT MODE)
💾 Saved grab handle position

[90mstdout[2m | src/controllers/GrabHandleRepositioner.test.ts[2m > [22m[2mGrabHandleRepositioner[2m > [22m[2mSide Flipping[2m > [22m[2mshould remove right-side class when on left[22m[39m
💾 Saved grab handle position
👀 Watching sidebar state changes
✅ GrabHandleRepositioner initialized (TRIPLE-THREAT MODE)
💾 Saved grab handle position

[90mstdout[2m | src/controllers/GrabHandleRepositioner.test.ts[2m > [22m[2mGrabHandleRepositioner[2m > [22m[2mPersistence[2m > [22m[2mshould save position to localStorage[22m[39m
💾 Saved grab handle position
👀 Watching sidebar state changes
✅ GrabHandleRepositioner initialized (TRIPLE-THREAT MODE)
💾 Saved grab handle position

[90mstdout[2m | src/controllers/GrabHandleRepositioner.test.ts[2m > [22m[2mGrabHandleRepositioner[2m > [22m[2mPersistence[2m > [22m[2mshould persist position after flipping sides[22m[39m
💾 Saved grab handle position
👀 Watching sidebar state changes
✅ GrabHandleRepositioner initialized (TRIPLE-THREAT MODE)
💾 Saved grab handle position
🔄 Flipped to right side

[90mstdout[2m | src/controllers/GrabHandleRepositioner.test.ts[2m > [22m[2mGrabHandleRepositioner[2m > [22m[2mDouble-Tap Detection[2m > [22m[2mshould detect double-tap within 300ms[22m[39m
💾 Saved grab handle position
👀 Watching sidebar state changes
✅ GrabHandleRepositioner initialized (TRIPLE-THREAT MODE)

[90mstdout[2m | src/controllers/GrabHandleRepositioner.test.ts[2m > [22m[2mGrabHandleRepositioner[2m > [22m[2mDouble-Tap Detection[2m > [22m[2mshould not detect double-tap after 300ms[22m[39m
💾 Saved grab handle position
👀 Watching sidebar state changes
✅ GrabHandleRepositioner initialized (TRIPLE-THREAT MODE)

[90mstdout[2m | src/controllers/GrabHandleRepositioner.test.ts[2m > [22m[2mGrabHandleRepositioner[2m > [22m[2mHaptic Feedback[2m > [22m[2mshould trigger light haptic[22m[39m
💾 Saved grab handle position
👀 Watching sidebar state changes
✅ GrabHandleRepositioner initialized (TRIPLE-THREAT MODE)

[90mstdout[2m | src/controllers/GrabHandleRepositioner.test.ts[2m > [22m[2mGrabHandleRepositioner[2m > [22m[2mHaptic Feedback[2m > [22m[2mshould trigger medium haptic[22m[39m
💾 Saved grab handle position
👀 Watching sidebar state changes
✅ GrabHandleRepositioner initialized (TRIPLE-THREAT MODE)

[90mstdout[2m | src/controllers/GrabHandleRepositioner.test.ts[2m > [22m[2mGrabHandleRepositioner[2m > [22m[2mHaptic Feedback[2m > [22m[2mshould trigger heavy haptic (double-pulse)[22m[39m
💾 Saved grab handle position
👀 Watching sidebar state changes
✅ GrabHandleRepositioner initialized (TRIPLE-THREAT MODE)

[90mstdout[2m | src/controllers/GrabHandleRepositioner.test.ts[2m > [22m[2mGrabHandleRepositioner[2m > [22m[2mHaptic Feedback[2m > [22m[2mshould handle missing vibration API gracefully[22m[39m
💾 Saved grab handle position
👀 Watching sidebar state changes
✅ GrabHandleRepositioner initialized (TRIPLE-THREAT MODE)

[90mstdout[2m | src/controllers/GrabHandleRepositioner.test.ts[2m > [22m[2mGrabHandleRepositioner[2m > [22m[2mReset to Default[2m > [22m[2mshould reset position to center[22m[39m
💾 Saved grab handle position
👀 Watching sidebar state changes
✅ GrabHandleRepositioner initialized (TRIPLE-THREAT MODE)
💾 Saved grab handle position
💾 Saved grab handle position
🔄 Grab handle reset to default position

[90mstdout[2m | src/controllers/GrabHandleRepositioner.test.ts[2m > [22m[2mGrabHandleRepositioner[2m > [22m[2mReset to Default[2m > [22m[2mshould reset side to left[22m[39m
💾 Saved grab handle position
👀 Watching sidebar state changes
✅ GrabHandleRepositioner initialized (TRIPLE-THREAT MODE)
💾 Saved grab handle position
💾 Saved grab handle position
💾 Saved grab handle position
🔄 Grab handle reset to default position

[90mstdout[2m | src/controllers/GrabHandleRepositioner.test.ts[2m > [22m[2mGrabHandleRepositioner[2m > [22m[2mReset to Default[2m > [22m[2mshould save default position to localStorage[22m[39m
💾 Saved grab handle position
👀 Watching sidebar state changes
✅ GrabHandleRepositioner initialized (TRIPLE-THREAT MODE)
💾 Saved grab handle position
💾 Saved grab handle position
🔄 Grab handle reset to default position

[90mstdout[2m | src/controllers/GrabHandleRepositioner.test.ts[2m > [22m[2mGrabHandleRepositioner[2m > [22m[2mPublic API[2m > [22m[2mshould return current side via getSide()[22m[39m
💾 Saved grab handle position
👀 Watching sidebar state changes
✅ GrabHandleRepositioner initialized (TRIPLE-THREAT MODE)

[90mstdout[2m | src/controllers/GrabHandleRepositioner.test.ts[2m > [22m[2mGrabHandleRepositioner[2m > [22m[2mEdge Cases[2m > [22m[2mshould handle missing sidebar element gracefully[22m[39m
💾 Saved grab handle position
👀 Watching sidebar state changes
✅ GrabHandleRepositioner initialized (TRIPLE-THREAT MODE)
💾 Loaded grab handle: left side, 50%
✅ GrabHandleRepositioner initialized (TRIPLE-THREAT MODE)
🔄 Flipped to right side

[90mstdout[2m | src/controllers/GrabHandleRepositioner.test.ts[2m > [22m[2mGrabHandleRepositioner[2m > [22m[2mDrag Direction Detection[2m > [22m[2mshould prioritize horizontal drag when deltaX > deltaY[22m[39m
💾 Saved grab handle position
👀 Watching sidebar state changes
✅ GrabHandleRepositioner initialized (TRIPLE-THREAT MODE)

[90mstdout[2m | src/controllers/GrabHandleRepositioner.test.ts[2m > [22m[2mGrabHandleRepositioner[2m > [22m[2mDrag Direction Detection[2m > [22m[2mshould prioritize vertical drag when deltaY > deltaX[22m[39m
💾 Saved grab handle position
👀 Watching sidebar state changes
✅ GrabHandleRepositioner initialized (TRIPLE-THREAT MODE)

[90mstdout[2m | src/controllers/GrabHandleRepositioner.test.ts[2m > [22m[2mGrabHandleRepositioner[2m > [22m[2mHorizontal Flip Threshold[2m > [22m[2mshould require 50% of screen width to flip[22m[39m
💾 Saved grab handle position
👀 Watching sidebar state changes
✅ GrabHandleRepositioner initialized (TRIPLE-THREAT MODE)

[90mstdout[2m | src/controllers/GrabHandleRepositioner.test.ts[2m > [22m[2mGrabHandleRepositioner[2m > [22m[2mHorizontal Flip Threshold[2m > [22m[2mshould detect crossing threshold[22m[39m
💾 Saved grab handle position
👀 Watching sidebar state changes
✅ GrabHandleRepositioner initialized (TRIPLE-THREAT MODE)

[90mstdout[2m | src/controllers/GrabHandleRepositioner.test.ts[2m > [22m[2mGrabHandleRepositioner[2m > [22m[2mHorizontal Flip Threshold[2m > [22m[2mshould not flip below threshold[22m[39m
💾 Saved grab handle position
👀 Watching sidebar state changes
✅ GrabHandleRepositioner initialized (TRIPLE-THREAT MODE)


[31m⎯⎯⎯⎯⎯⎯⎯[1m[7m Failed Tests 3 [27m[22m⎯⎯⎯⎯⎯⎯⎯[39m

[31m[1m[7m FAIL [27m[22m[39m src/controllers/GrabHandleRepositioner.test.ts[2m > [22mGrabHandleRepositioner[2m > [22mSide Flipping[2m > [22mshould update handle styling when on right side
[31m[1mAssertionError[22m: expected '10px 0 0 10px' to be '10px 0px 0px 10px' // Object.is equality[39m

[32m- Expected[39m
[31m+ Received[39m

[32m- 10px 0px 0px 10px[39m
[31m+ 10px 0 0 10px[39m

[36m [2m❯[22m src/controllers/GrabHandleRepositioner.test.ts:[2m180:55[22m[39m
    [90m178| [39m            [34mexpect[39m(mockGrabHandle[33m.[39mstyle[33m.[39mleft)[33m.[39m[34mtoBe[39m([32m'auto'[39m)[33m;[39m
    [90m179| [39m            [34mexpect[39m(mockGrabHandle[33m.[39mstyle[33m.[39mright)[33m.[39m[34mtoBe[39m([32m'0px'[39m)[33m;[39m
    [90m180| [39m            [34mexpect[39m(mockGrabHandle[33m.[39mstyle[33m.[39mborderRadius)[33m.[39m[34mtoBe[39m([32m'10px 0px 0[39m…
    [90m   | [39m                                                      [31m^[39m
    [90m181| [39m        })[33m;[39m
    [90m182| [39m

[31m[2m⎯⎯⎯⎯⎯⎯⎯⎯⎯⎯⎯⎯⎯⎯⎯⎯⎯⎯⎯⎯⎯⎯⎯⎯[1/3]⎯[22m[39m

[31m[1m[7m FAIL [27m[22m[39m src/controllers/GrabHandleRepositioner.test.ts[2m > [22mGrabHandleRepositioner[2m > [22mSide Flipping[2m > [22mshould update handle styling when on left side
[31m[1mAssertionError[22m: expected '0 10px 10px 0' to be '0px 10px 10px 0px' // Object.is equality[39m

[32m- Expected[39m
[31m+ Received[39m

[32m- 0px 10px 10px 0px[39m
[31m+ 0 10px 10px 0[39m

[36m [2m❯[22m src/controllers/GrabHandleRepositioner.test.ts:[2m188:55[22m[39m
    [90m186| [39m            [34mexpect[39m(mockGrabHandle[33m.[39mstyle[33m.[39mleft)[33m.[39m[34mtoBe[39m([32m'0px'[39m)[33m;[39m
    [90m187| [39m            [34mexpect[39m(mockGrabHandle[33m.[39mstyle[33m.[39mright)[33m.[39m[34mtoBe[39m([32m'auto'[39m)[33m;[39m
    [90m188| [39m            [34mexpect[39m(mockGrabHandle[33m.[39mstyle[33m.[39mborderRadius)[33m.[39m[34mtoBe[39m([32m'0px 10px 1[39m…
    [90m   | [39m                                                      [31m^[39m
    [90m189| [39m        })[33m;[39m
    [90m190| [39m

[31m[2m⎯⎯⎯⎯⎯⎯⎯⎯⎯⎯⎯⎯⎯⎯⎯⎯⎯⎯⎯⎯⎯⎯⎯⎯[2/3]⎯[22m[39m

[31m[1m[7m FAIL [27m[22m[39m src/controllers/GrabHandleRepositioner.test.ts[2m > [22mGrabHandleRepositioner[2m > [22mHaptic Feedback[2m > [22mshould handle missing vibration API gracefully
[31m[1mTypeError[22m: Cannot redefine property: vibrate[39m
[36m [2m❯[22m src/controllers/GrabHandleRepositioner.test.ts:[2m267:20[22m[39m
    [90m265| [39m        [34mit[39m([32m'should handle missing vibration API gracefully'[39m[33m,[39m () [33m=>[39m {
    [90m266| [39m            [90m// Mock undefined vibrate API[39m
    [90m267| [39m            [33mObject[39m[33m.[39m[34mdefineProperty[39m(navigator[33m,[39m [32m'vibrate'[39m[33m,[39m {
    [90m   | [39m                   [31m^[39m
    [90m268| [39m                value[33m:[39m undefined[33m,[39m
    [90m269| [39m                writable[33m:[39m [35mtrue[39m[33m,[39m

[31m[2m⎯⎯⎯⎯⎯⎯⎯⎯⎯⎯⎯⎯⎯⎯⎯⎯⎯⎯⎯⎯⎯⎯⎯⎯[3/3]⎯[22m[39m

[2m Test Files [22m [1m[31m1 failed[39m[22m[90m (1)[39m
[2m      Tests [22m [1m[31m3 failed[39m[22m[2m | [22m[1m[32m27 passed[39m[22m[90m (30)[39m
[2m   Start at [22m 10:04:14
[2m   Duration [22m 1.04s[2m (transform 60ms, setup 6ms, collect 57ms, tests 88ms, environment 532ms, prepare 102ms)[22m

